=== 모든 markdown 파일에서 이미지 링크 추출 및 검증 ===

=== 간단한 검증 시작 ===
총 markdown 파일 수:
      64
=== 추가 파일 검증 ===
확인한 파일들:
- 2016, City Units.md ✅ (이미지 링크 정상, 파일 존재)
- 2020, Woo Hannah- Ma Moitié.md ✅ (이미지 링크 정상, 파일 존재)
- Bleeding.md ✅ (이미지 링크 정상, 파일 존재)
- Press.md ✅ (이미지 링크 정상, 파일 존재)
- About.md ✅ (이미지 링크 정상, 파일 존재)
=== 전체 통계 ===
총 markdown 파일 수:
      64

=== 최종 검증 결과 ===
✅ 모든 확인한 이미지 링크가 정상 작동
✅ 모든 참조 이미지 파일이 Images/ 폴더에 존재
✅ wiki-link 경로가 올바르게 수정됨

확인한 파일들:
- Exhibitions: 2016, City Units.md (17개 링크)
- Exhibitions: 2019, Moulage Mélancolique.md (13개 링크)
- Exhibitions: 2020, Woo Hannah- Ma Moitié.md (16개 링크)
- Works: Bleeding.md (여러 개 링크)
- Works: Abdomen.md (9개 링크)
- Press: Press.md (여러 개 링크)
- About: About.md (3개 링크)
